******************************************************************************
                  TI ARM Linker PC v18.12.2                    
******************************************************************************
>> Linked Tue Jun 18 12:00:53 2019

OUTPUT FILE NAME:   <empty_CC3220SF_LAUNCHXL_freertos_ccs.out>
ENTRY POINT SYMBOL: "resetISR"  address: 010053d5


MEMORY CONFIGURATION

         name            origin    length      used     unused   attr    fill
----------------------  --------  ---------  --------  --------  ----  --------
  FLASH_HDR             01000000   000007ff  00000000  000007ff  R  X
  FLASH                 01000800   000ff800  000051f0  000fa610  R  X
  SRAM                  20000000   00040000  000094ec  00036b14  RW X


SEGMENT ALLOCATION MAP

run origin  load origin   length   init length attrs members
----------  ----------- ---------- ----------- ----- -------
01000800    01000800    000051f8   000051f8    r-x
  01000800    01000800    00000040   00000040    r-- .resetVecs
  01000840    01000840    00004d4e   00004d4e    r-x .text
  01005590    01005590    00000362   00000362    r-- .const
  010058f8    010058f8    00000100   00000100    r-- .cinit
2000030c    2000030c    00008de0   00000000    rw-
  2000030c    2000030c    000082d0   00000000    rw- .bss
  200085dc    200085dc    00000b10   00000000    rw- .data
2003fc00    2003fc00    00000400   00000000    rw-
  2003fc00    2003fc00    00000400   00000000    rw- .stack


SECTION ALLOCATION MAP

 output                                  attributes/
section   page    origin      length       input sections
--------  ----  ----------  ----------   ----------------
.resetVecs 
*          0    01000800    00000040     
                  01000800    00000040     freertos_builds_CC3220SF_LAUNCHXL_release_ccs.lib : startup_cc32xx_ccs.obj (.resetVecs:retain)

.text      0    01000840    00004d4e     
                  01000840    0000042c     driverlib.a : prcm.obj (.text:PRCMCC3200MCUInit)
                  01000c6c    000001d8     drivers_cc32xx.aem4 : GPIOCC32XX.oem4 (.text:GPIO_setConfig)
                  01000e44    000001d4     freertos_builds_CC3220SF_LAUNCHXL_release_ccs.lib : queue.obj (.text:xQueueSemaphoreTake)
                  01001018    000001b8                                                       : queue.obj (.text:xQueueGenericSend)
                  010011d0    000001b0                                                       : PowerCC32XX_freertos.obj (.text:PowerCC32XX_sleepPolicy)
                  01001380    00000180                                                       : queue.obj (.text:xQueueReceive)
                  01001500    00000178                                                       : heap_4.obj (.text:pvPortMalloc)
                  01001678    00000164                                                       : timers.obj (.text:prvProcessReceivedCommands)
                  010017dc    00000148     drivers_cc32xx.aem4 : PowerCC32XX.oem4 (.text:parkPins)
                  01001924    0000013c     freertos_builds_CC3220SF_LAUNCHXL_release_ccs.lib : tasks.obj (.text:xTaskIncrementTick)
                  01001a60    00000138                                                       : pthread.obj (.text:pthread_create)
                  01001b98    0000012a                                                       : tasks.obj (.text:prvInitialiseNewTask)
                  01001cc2    00000002                                                       : PowerCC32XX_freertos.obj (.text:PowerCC32XX_initPolicy)
                  01001cc4    0000011c                                                       : tasks.obj (.text:xTaskResumeAll)
                  01001de0    00000118     drivers_cc32xx.aem4 : PowerCC32XX.oem4 (.text:Power_sleep)
                  01001ef8    00000114     freertos_builds_CC3220SF_LAUNCHXL_release_ccs.lib : tasks.obj (.text:vTaskPriorityDisinheritAfterTimeout)
                  0100200c    00000104                                                       : queue.obj (.text:xQueueGenericSendFromISR)
                  01002110    000000fc                                                       : tasks.obj (.text:vTaskSuspend)
                  0100220c    000000f8                                                       : tasks.obj (.text:vTaskDelete)
                  01002304    000000f0                                                       : queue.obj (.text:xQueueGiveFromISR)
                  010023f4    000000e8                                                       : tasks.obj (.text:xTaskPriorityInherit)
                  010024dc    000000e0                                                       : tasks.obj (.text:xTaskPriorityDisinherit)
                  010025bc    000000dc                                                       : tasks.obj (.text:vTaskSwitchContext)
                  01002698    000000d8                                                       : queue.obj (.text:xQueueReceiveFromISR)
                  01002770    000000c4     drivers_cc32xx.aem4 : GPIOCC32XX.oem4 (.text:GPIO_init)
                  01002834    000000c4     freertos_builds_CC3220SF_LAUNCHXL_release_ccs.lib : tasks.obj (.text:prvAddNewTaskToReadyList)
                  010028f8    000000c0                                                       : port.obj (.text:xPortStartScheduler)
                  010029b8    000000be                                                       : queue.obj (.text:prvCopyDataToQueue)
                  01002a76    00000002                                                       : startup_cc32xx_ccs.obj (.text:busFaultHandler)
                  01002a78    000000bc                                                       : heap_4.obj (.text:prvHeapInit)
                  01002b34    000000bc                                                       : timers.obj (.text:prvSwitchTimerLists)
                  01002bf0    000000ba                                                       : portasm.obj (.text)
                  01002caa    00000002                                                       : startup_cc32xx_ccs.obj (.text:defaultHandler)
                  01002cac    000000b8                                                       : queue.obj (.text:xQueueGenericReset)
                  01002d64    000000b0     main_freertos.obj (.text:main)
                  01002e14    000000b0     freertos_builds_CC3220SF_LAUNCHXL_release_ccs.lib : tasks.obj (.text:prvAddCurrentTaskToDelayedList)
                  01002ec4    000000b0                                                       : tasks.obj (.text:xTaskCheckForTimeOut)
                  01002f74    000000ae                                                       : queue.obj (.text:prvUnlockQueue)
                  01003022    00000002                                                       : startup_cc32xx_ccs.obj (.text:faultISR)
                  01003024    000000ac     drivers_cc32xx.aem4 : PowerCC32XX.oem4 (.text:restoreParkedPins)
                  010030d0    000000a8     driverlib.a : interrupt.obj (.text:IntEnable)
                  01003178    000000a8     drivers_cc32xx.aem4 : PowerCC32XX.oem4 (.text:PowerCC32XX_configureWakeup)
                  01003220    000000a8     freertos_builds_CC3220SF_LAUNCHXL_release_ccs.lib : heap_4.obj (.text:prvInsertBlockIntoFreeList)
                  010032c8    000000a8                                                       : tasks.obj (.text:xTaskRemoveFromEventList)
                  01003370    0000009c     rtsv7M4_T_le_eabi.lib : memcpy_t2.asm.obj (.text)
                  0100340c    0000009c     freertos_builds_CC3220SF_LAUNCHXL_release_ccs.lib : heap_4.obj (.text:vPortFree)
                  010034a8    00000098     drivers_cc32xx.aem4 : GPIOCC32XX.oem4 (.text:powerNotifyFxn)
                  01003540    00000096     rtsv7M4_T_le_eabi.lib : ull_div_t2.asm.obj (.text)
                  010035d6    00000002     freertos_builds_CC3220SF_LAUNCHXL_release_ccs.lib : startup_cc32xx_ccs.obj (.text:nmiISR)
                  010035d8    00000094                                                       : tasks.obj (.text:vTaskStartScheduler)
                  0100366c    00000090     drivers_cc32xx.aem4 : PowerCC32XX.oem4 (.text:restoreNVICRegs)
                  010036fc    00000088     driverlib.a : pin.obj (.text:PinConfigSet)
                  01003784    00000088     freertos_builds_CC3220SF_LAUNCHXL_release_ccs.lib : timers.obj (.text:prvProcessTimerOrBlockTask)
                  0100380c    00000084     drivers_cc32xx.aem4 : PowerCC32XX.oem4 (.text:Power_init)
                  01003890    00000084                         : PowerCC32XX.oem4 (.text:saveNVICRegs)
                  01003914    00000084     freertos_builds_CC3220SF_LAUNCHXL_release_ccs.lib : timers.obj (.text:xTimerGenericCommand)
                  01003998    00000080     drivers_cc32xx.aem4 : PowerCC32XX.oem4 (.text:Power_setDependency)
                  01003a18    00000080     freertos_builds_CC3220SF_LAUNCHXL_release_ccs.lib : timers.obj (.text:prvProcessExpiredTimer)
                  01003a98    0000007a                                                       : pthread.obj (.text:removeThreadKeys)
                  01003b12    0000007a     rtsv7M4_T_le_eabi.lib : memset_t2.asm.obj (.text)
                  01003b8c    0000007a     freertos_builds_CC3220SF_LAUNCHXL_release_ccs.lib : tasks.obj (.text:xTaskCreate)
                  01003c06    00000002     rtsv7M4_T_le_eabi.lib : div0.asm.obj (.text)
                  01003c08    00000078     drivers_cc32xx.aem4 : GPIOCC32XX.oem4 (.text:GPIO_hwiIntFxn)
                  01003c80    00000078     freertos_builds_CC3220SF_LAUNCHXL_release_ccs.lib : timers.obj (.text:prvInsertTimerInActiveList)
                  01003cf8    00000074                                                       : tasks.obj (.text:prvInitialiseTaskLists)
                  01003d6c    00000074                                                       : port.obj (.text:vPortValidateInterruptPriority)
                  01003de0    0000006a                                                       : queue.obj (.text:xQueueGenericCreate)
                  01003e4a    00000068     rtsv7M4_T_le_eabi.lib : copy_decompress_lzss.c.obj (.text:decompress:lzss:__TI_decompress_lzss)
                  01003eb2    00000066     freertos_builds_CC3220SF_LAUNCHXL_release_ccs.lib : list.obj (.text:vListInsert)
                  01003f18    00000064     drivers_cc32xx.aem4 : GPIOCC32XX.oem4 (.text:GPIO_toggle)
                  01003f7c    00000064                         : PowerCC32XX.oem4 (.text:PowerCC32XX_setParkState)
                  01003fe0    00000064     freertos_builds_CC3220SF_LAUNCHXL_release_ccs.lib : tasks.obj (.text:prvGetExpectedIdleTime)
                  01004044    00000060                                                       : HwiPCC32XX_freertos.obj (.text:HwiP_create)
                  010040a4    00000060     driverlib.a : prcm.obj (.text:PRCMSysResetCauseGet)
                  01004104    0000005c     freertos_builds_CC3220SF_LAUNCHXL_release_ccs.lib : tasks.obj (.text:prvIdleTask)
                  01004160    0000005c                                                       : pthread.obj (.text:pthread_exit)
                  010041bc    0000005c                                                       : queue.obj (.text:vQueueWaitForMessageRestricted)
                  01004218    0000005c                                                       : tasks.obj (.text:vTaskDelay)
                  01004274    00000058     drivers_cc32xx.aem4 : GPIOCC32XX.oem4 (.text:GPIO_setCallback)
                  010042cc    00000058                         : GPIOCC32XX.oem4 (.text:GPIO_write)
                  01004324    00000058     driverlib.a : prcm.obj (.text:PRCMPeripheralReset)
                  0100437c    00000058     freertos_builds_CC3220SF_LAUNCHXL_release_ccs.lib : tasks.obj (.text:eTaskConfirmSleepModeStatus)
                  010043d4    00000058                                                       : port.obj (.text:vPortSetupTimerInterrupt)
                  0100442c    00000054     driverlib.a : interrupt.obj (.text:IntPrioritySet)
                  01004480    00000054     freertos_builds_CC3220SF_LAUNCHXL_release_ccs.lib : timers.obj (.text:xTimerCreateTimerTask)
                  010044d4    00000052     drivers_cc32xx.aem4 : PowerCC32XX_asm.oem4 (.text:PowerCC32XX_resumeLPDS)
                  01004526    00000002     main_freertos.obj (.text:vApplicationMallocFailedHook)
                  01004528    00000050     freertos_builds_CC3220SF_LAUNCHXL_release_ccs.lib : port.obj (.text:pxPortInitialiseStack)
                  01004578    0000004c     drivers_cc32xx.aem4 : GPIOCC32XX.oem4 (.text:GPIO_enableInt)
                  010045c4    0000004c                         : PowerCC32XX.oem4 (.text:PowerCC32XX_parkPin)
                  01004610    0000004c     freertos_builds_CC3220SF_LAUNCHXL_release_ccs.lib : startup_cc32xx_ccs.obj (.text:initVectors)
                  0100465c    0000004c                                                       : timers.obj (.text:prvCheckForValidListAndQueue)
                  010046a8    0000004c                                                       : tasks.obj (.text:prvCheckTasksWaitingTermination)
                  010046f4    0000004c     drivers_cc32xx.aem4 : PowerCC32XX.oem4 (.text:restorePeriphClocks)
                  01004740    0000004c     freertos_builds_CC3220SF_LAUNCHXL_release_ccs.lib : port.obj (.text:vPortEnterCritical)
                  0100478c    00000048     driverlib.a : flash.obj (.text:FlashDisable)
                  010047d4    00000048     freertos_builds_CC3220SF_LAUNCHXL_release_ccs.lib : HwiPCC32XX_freertos.obj (.text:HwiP_dispatch)
                  0100481c    00000048     driverlib.a : prcm.obj (.text:PRCMLPDSEnter)
                  01004864    00000048                 : prcm.obj (.text:PRCMPeripheralClkEnable)
                  010048ac    00000048     freertos_builds_CC3220SF_LAUNCHXL_release_ccs.lib : list.obj (.text:uxListRemove)
                  010048f4    00000044     driverlib.a : prcm.obj (.text:PRCMLPDSRestoreInfoSet)
                  01004938    00000044     drivers_cc32xx.aem4 : PowerCC32XX_asm.oem4 (.text:PowerCC32XX_enterLPDS)
                  0100497c    00000044     rtsv7M4_T_le_eabi.lib : autoinit.c.obj (.text:__TI_auto_init_nobinit_nopinit:__TI_auto_init_nobinit_nopinit)
                  010049c0    00000044     freertos_builds_CC3220SF_LAUNCHXL_release_ccs.lib : queue.obj (.text:prvInitialiseNewQueue)
                  01004a04    00000044                                                       : tasks.obj (.text:vTaskStepTick)
                  01004a48    00000040     driverlib.a : pin.obj (.text:PinModeSet)
                  01004a88    00000040     freertos_builds_CC3220SF_LAUNCHXL_release_ccs.lib : tasks.obj (.text:vTaskPlaceOnEventListRestricted)
                  01004ac8    0000003e                                                       : pthread.obj (.text:pthread_setcancelstate)
                  01004b06    00000002     --HOLE-- [fill = 0]
                  01004b08    0000003c     driverlib.a : prcm.obj (.text:PRCMSlowClkCtrFastGet)
                  01004b44    0000003c     freertos_builds_CC3220SF_LAUNCHXL_release_ccs.lib : queue.obj (.text:prvCopyDataFromQueue)
                  01004b80    0000003c                                                       : tasks.obj (.text:prvResetNextTaskUnblockTime)
                  01004bbc    0000003c                                                       : tasks.obj (.text:pvTaskGetThreadLocalStoragePointer)
                  01004bf8    0000003c                                                       : list.obj (.text:vListInsertEnd)
                  01004c34    00000038     driverlib.a : prcm.obj (.text:PRCMLPDSEnterKeepDebugIf)
                  01004c6c    00000038     drivers_cc32xx.aem4 : PowerCC32XX.oem4 (.text:notify)
                  01004ca4    00000038     freertos_builds_CC3220SF_LAUNCHXL_release_ccs.lib : timers.obj (.text:prvGetNextExpireTime)
                  01004cdc    00000038                                                       : port.obj (.text:prvTaskExitError)
                  01004d14    00000034     driverlib.a : pin.obj (.text:PinModeGet)
                  01004d48    00000034     freertos_builds_CC3220SF_LAUNCHXL_release_ccs.lib : SemaphoreP_freertos.obj (.text:SemaphoreP_pend)
                  01004d7c    00000034     interrupt.obj (.text:intTerrput)
                  01004db0    00000034     freertos_builds_CC3220SF_LAUNCHXL_release_ccs.lib : timers.obj (.text:prvSampleTimeNow)
                  01004de4    00000034                                                       : tasks.obj (.text:vTaskPlaceOnEventList)
                  01004e18    00000030     drivers_cc32xx.aem4 : PowerCC32XX.oem4 (.text:PowerCC32XX_restoreParkedPin)
                  01004e48    00000030     freertos_builds_CC3220SF_LAUNCHXL_release_ccs.lib : list.obj (.text:vListInitialise)
                  01004e78    00000030                                                       : port.obj (.text:vPortExitCritical)
                  01004ea8    00000030                                                       : tasks.obj (.text:xTaskGetSchedulerState)
                  01004ed8    0000002c                                                       : HwiPCC32XX_freertos.obj (.text:HwiP_disable)
                  01004f04    0000002c     driverlib.a : prcm.obj (.text:PRCMLPDSIntervalSet)
                  01004f30    0000002c     freertos_builds_CC3220SF_LAUNCHXL_release_ccs.lib : SemaphoreP_freertos.obj (.text:SemaphoreP_createBinary)
                  01004f5c    0000002c                                                       : tasks.obj (.text:vTaskSetApplicationTaskTag)
                  01004f88    0000002c                                                       : port.obj (.text:xPortSysTickHandler)
                  01004fb4    0000002a     empty.obj (.text:mainThread)
                  01004fde    00000002     --HOLE-- [fill = 0]
                  01004fe0    00000028     freertos_builds_CC3220SF_LAUNCHXL_release_ccs.lib : HwiPCC32XX_freertos.obj (.text:HwiP_inISR)
                  01005008    00000028     driverlib.a : prcm.obj (.text:PRCMLPDSWakeupSourceEnable)
                  01005030    00000028                 : prcm.obj (.text:PRCMPeripheralClkDisable)
                  01005058    00000028     drivers_cc32xx.aem4 : PowerCC32XX.oem4 (.text:Power_registerNotify)
                  01005080    00000028     freertos_builds_CC3220SF_LAUNCHXL_release_ccs.lib : pthread.obj (.text:pthread_attr_setschedparam)
                  010050a8    00000028                                                       : tasks.obj (.text:xTaskGetApplicationTaskTag)
                  010050d0    00000026     drivers_cc32xx.aem4 : List.oem4 (.text:List_put)
                  010050f6    00000026     freertos_builds_CC3220SF_LAUNCHXL_release_ccs.lib : pthread.obj (.text:_pthread_cleanup_pop)
                  0100511c    00000026     test.obj (.text:maThread)
                  01005142    00000026     freertos_builds_CC3220SF_LAUNCHXL_release_ccs.lib : queue.obj (.text:prvIsQueueFull)
                  01005168    00000024     rtsv7M4_T_le_eabi.lib : boot_cortex_m.c.obj (.text:_c_int00_noargs:_c_int00_noargs)
                  0100518c    00000024     freertos_builds_CC3220SF_LAUNCHXL_release_ccs.lib : queue.obj (.text:prvGetDisinheritPriorityAfterTimeout)
                  010051b0    00000024                                                       : queue.obj (.text:vQueueDelete)
                  010051d4    00000024                                                       : tasks.obj (.text:vTaskInternalSetTimeOutState)
                  010051f8    00000022                                                       : SemaphoreP_freertos.obj (.text:SemaphoreP_post)
                  0100521a    00000022                                                       : pthread.obj (.text:pthread_attr_setdetachstate)
                  0100523c    00000020                                                       : HwiPCC32XX_freertos.obj (.text:HwiP_restore)
                  0100525c    00000020     driverlib.a : interrupt.obj (.text:IntRegister)
                  0100527c    00000020     freertos_builds_CC3220SF_LAUNCHXL_release_ccs.lib : queue.obj (.text:prvIsQueueEmpty)
                  0100529c    0000001e                                                       : HwiPCC32XX_freertos.obj (.text:HwiP_Params_init)
                  010052ba    0000001e                                                       : pthread.obj (.text:_pthread_runStub)
                  010052d8    0000001c     driverlib.a : pin.obj (.text:PinToPadGet)
                  010052f4    0000001c     freertos_builds_CC3220SF_LAUNCHXL_release_ccs.lib : pthread.obj (.text:pthread_attr_init)
                  01005310    0000001c                                                       : tasks.obj (.text:pvTaskIncrementMutexHeldCount)
                  0100532c    0000001a                                                       : PTLS.obj (.text:PTLS_taskDeleteHook)
                  01005346    0000001a                                                       : timers.obj (.text:prvTimerTask)
                  01005360    00000018     drivers_cc32xx.aem4 : PowerCC32XX.oem4 (.text:Power_idleFunc)
                  01005378    00000018     rtsv7M4_T_le_eabi.lib : ll_mul_t2.asm.obj (.text)
                  01005390    00000018     freertos_builds_CC3220SF_LAUNCHXL_release_ccs.lib : sleep.obj (.text:sleep)
                  010053a8    00000016     driverlib.a : prcm.obj (.text:PRCMHIBRegRead)
                  010053be    00000016                 : prcm.obj (.text:PRCMHIBRegWrite)
                  010053d4    00000016     freertos_builds_CC3220SF_LAUNCHXL_release_ccs.lib : startup_cc32xx_ccs.obj (.text:resetISR)
                  010053ea    00000014     driverlib.a : cpu.obj (.text:CPUcpsie)
                  010053fe    00000002     --HOLE-- [fill = 0]
                  01005400    00000014                 : interrupt.obj (.text:IntVTableBaseSet)
                  01005414    00000014     drivers_cc32xx.aem4 : PowerCC32XX.oem4 (.text:Power_getDependencyCount)
                  01005428    00000014     freertos_builds_CC3220SF_LAUNCHXL_release_ccs.lib : tasks.obj (.text:prvDeleteTCB)
                  0100543c    00000014                                                       : pthread.obj (.text:pthread_attr_setstacksize)
                  01005450    00000014                                                       : pthread.obj (.text:pthread_self)
                  01005464    00000014                                                       : PowerCC32XX_freertos.obj (.text:vPortSuppressTicksAndSleep)
                  01005478    00000014                                                       : tasks.obj (.text:xTaskGetCurrentTaskHandle)
                  0100548c    00000014                                                       : tasks.obj (.text:xTaskGetTickCount)
                  010054a0    00000010                                                       : ClockP_freertos.obj (.text:ClockP_getSystemTickPeriod)
                  010054b0    00000010     driverlib.a : systick.obj (.text:SysTickDisable)
                  010054c0    00000010                 : systick.obj (.text:SysTickEnable)
                  010054d0    00000010     freertos_builds_CC3220SF_LAUNCHXL_release_ccs.lib : list.obj (.text:vListInitialiseItem)
                  010054e0    00000010                                                       : tasks.obj (.text:vTaskSuspendAll)
                  010054f0    0000000e     drivers_cc32xx.aem4 : PowerCC32XX.oem4 (.text:Power_getTransitionLatency)
                  010054fe    0000000e     rtsv7M4_T_le_eabi.lib : copy_decompress_none.c.obj (.text:decompress:none:__TI_decompress_none)
                  0100550c    0000000e     interrupt.obj (.text:gpioButtonFxn0)
                  0100551a    0000000c     CC3220SF_LAUNCHXL.obj (.text:CC3220SF_LAUNCHXL_initGeneral)
                  01005526    0000000c     driverlib.a : cpu.obj (.text:CPUwfi)
                  01005532    00000002     --HOLE-- [fill = 0]
                  01005534    0000000c     drivers_cc32xx.aem4 : PowerCC32XX.oem4 (.text:Power_getConstraintMask)
                  01005540    0000000c     freertos_builds_CC3220SF_LAUNCHXL_release_ccs.lib : SemaphoreP_freertos.obj (.text:SemaphoreP_delete)
                  0100554c    0000000c     rtsv7M4_T_le_eabi.lib : copy_zero_init.c.obj (.text:decompress:ZI:__TI_zero_init)
                  01005558    0000000c     freertos_builds_CC3220SF_LAUNCHXL_release_ccs.lib : tasks.obj (.text:vTaskMissedYield)
                  01005564    0000000a     driverlib.a : interrupt.obj (.text:IntMasterEnable)
                  0100556e    0000000a     main_freertos.obj (.text:vApplicationStackOverflowHook)
                  01005578    00000008     driverlib.a : prcm.obj (.text:PRCMSleepEnter)
                  01005580    00000006                 : utils.obj (.text:UtilsDelay)
                  01005586    00000004     rtsv7M4_T_le_eabi.lib : pre_init.c.obj (.text:_system_pre_init)
                  0100558a    00000004                           : exit.c.obj (.text:abort:abort)

.const     0    01005590    00000362     
                  01005590    00000100     driverlib.a : pin.obj (.const:g_ulPinToPadMap)
                  01005690    000000d4                 : interrupt.obj (.const:g_pulRegs)
                  01005764    000000a8                 : prcm.obj (.const:PRCM_PeriphRegsList)
                  0100580c    00000040     CC3220SF_LAUNCHXL.obj (.const:PowerCC32XX_config)
                  0100584c    00000021     drivers_cc32xx.aem4 : GPIOCC32XX.oem4 (.const:.string:pinTable)
                  0100586d    00000003     --HOLE-- [fill = 0]
                  01005870    00000018     driverlib.a : interrupt.obj (.const:g_pulEnRegs)
                  01005888    00000014     CC3220SF_LAUNCHXL.obj (.const:GPIOCC32XX_config)
                  0100589c    00000014     drivers_cc32xx.aem4 : GPIOCC32XX.oem4 (.const:gpioBaseAddresses)
                  010058b0    00000014                         : GPIOCC32XX.oem4 (.const:powerResources)
                  010058c4    00000008     freertos_builds_CC3220SF_LAUNCHXL_release_ccs.lib : port.obj (.const)
                  010058cc    00000008     drivers_cc32xx.aem4 : GPIOCC32XX.oem4 (.const:outPinTypes)
                  010058d4    00000006                         : GPIOCC32XX.oem4 (.const:.string:interruptType)
                  010058da    00000006                         : GPIOCC32XX.oem4 (.const:inPinTypes)
                  010058e0    00000006                         : GPIOCC32XX.oem4 (.const:outPinStrengths)
                  010058e6    00000004                         : GPIOCC32XX.oem4 (.const:.string:portInterruptIds)
                  010058ea    00000002     --HOLE-- [fill = 0]
                  010058ec    00000004     freertos_builds_CC3220SF_LAUNCHXL_release_ccs.lib : pthread.obj (.const)
                  010058f0    00000002                                                       : pthread.obj (.const:.string)

.cinit     0    010058f8    00000100     
                  010058f8    000000d5     (.cinit..data.load) [load image, compression = lzss]
                  010059cd    00000003     --HOLE-- [fill = 0]
                  010059d0    0000000c     (__TI_handler_table)
                  010059dc    00000004     --HOLE-- [fill = 0]
                  010059e0    00000008     (.cinit..bss.load) [load image, compression = zero_init]
                  010059e8    00000010     (__TI_cinit_table)

.init_array 
*          0    01000800    00000000     UNINITIALIZED

.ramVecs   0    20000000    0000030c     NOLOAD SECTION
                  20000000    0000030c     freertos_builds_CC3220SF_LAUNCHXL_release_ccs.lib : startup_cc32xx_ccs.obj (.ramVecs)

.bss       0    2000030c    000082d0     UNINITIALIZED
                  2000030c    00008000     freertos_builds_CC3220SF_LAUNCHXL_release_ccs.lib : heap_4.obj (.bss:ucHeap)
                  2000830c    0000012c     (.common:PowerCC32XX_contextSave)
                  20008438    000000c8                                                       : tasks.obj (.bss:pxReadyTasksLists)
                  20008500    00000020     drivers_cc32xx.aem4 : GPIOCC32XX.oem4 (.bss:gpioCallbackInfo)
                  20008520    00000014                         : GPIOCC32XX.oem4 (.bss:powerNotifyObj)
                  20008534    00000014     freertos_builds_CC3220SF_LAUNCHXL_release_ccs.lib : timers.obj (.bss:xActiveTimerList1)
                  20008548    00000014                                                       : timers.obj (.bss:xActiveTimerList2)
                  2000855c    00000014                                                       : tasks.obj (.bss:xDelayedTaskList1)
                  20008570    00000014                                                       : tasks.obj (.bss:xDelayedTaskList2)
                  20008584    00000014                                                       : tasks.obj (.bss:xPendingReadyList)
                  20008598    00000014                                                       : tasks.obj (.bss:xSuspendedTaskList)
                  200085ac    00000014                                                       : tasks.obj (.bss:xTasksWaitingTermination)
                  200085c0    00000008                                                       : tasks.obj (.bss)
                  200085c8    00000008                                                       : timers.obj (.bss)
                  200085d0    00000008                                                       : heap_4.obj (.bss:xStart)
                  200085d8    00000004     drivers_cc32xx.aem4 : GPIOCC32XX.oem4 (.bss)

.data      0    200085dc    00000b10     UNINITIALIZED
                  200085dc    00000800     freertos_builds_CC3220SF_LAUNCHXL_release_ccs.lib : HwiPCC32XX_freertos.obj (.data:HwiP_dispatchTable)
                  20008ddc    0000016c     drivers_cc32xx.aem4 : PowerCC32XX.oem4 (.data:PowerCC32XX_module)
                  20008f48    000000f8     CC3220SF_LAUNCHXL.obj (.data:parkInfo)
                  20009040    00000034     freertos_builds_CC3220SF_LAUNCHXL_release_ccs.lib : tasks.obj (.data)
                  20009074    00000018                                                       : port.obj (.data)
                  2000908c    00000014                                                       : pthread.obj (.data:defaultPthreadAttrs)
                  200090a0    00000014     CC3220SF_LAUNCHXL.obj (.data:gpioPinConfigs)
                  200090b4    00000010     freertos_builds_CC3220SF_LAUNCHXL_release_ccs.lib : heap_4.obj (.data)
                  200090c4    0000000c                                                       : timers.obj (.data)
                  200090d0    00000009     drivers_cc32xx.aem4 : GPIOCC32XX.oem4 (.data)
                  200090d9    00000003     --HOLE--
                  200090dc    00000008     CC3220SF_LAUNCHXL.obj (.data:gpioCallbackFunctions)
                  200090e4    00000004     freertos_builds_CC3220SF_LAUNCHXL_release_ccs.lib : HwiPCC32XX_freertos.obj (.data)
                  200090e8    00000004                                                       : PowerCC32XX_freertos.obj (.data)

.stack     0    2003fc00    00000400     UNINITIALIZED
                  2003fc00    00000004     rtsv7M4_T_le_eabi.lib : boot_cortex_m.c.obj (.stack)
                  2003fc04    000003fc     --HOLE--

.binit     0    01000000    00000000     

MODULE SUMMARY

       Module                       code    ro data   rw data
       ------                       ----    -------   -------
    .\
       CC3220SF_LAUNCHXL.obj        12      84        276    
       main_freertos.obj            188     0         0      
       interrupt.obj                66      0         0      
       empty.obj                    42      0         0      
       test.obj                     38      0         0      
    +--+----------------------------+-------+---------+---------+
       Total:                       346     84        276    
                                                             
    C:/ti/simplelink_cc32xx_sdk_2_40_00_05/source/ti/devices/cc32xx/driverlib/ccs/Release/driverlib.a
       prcm.obj                     1756    168       0      
       interrupt.obj                314     236       0      
       pin.obj                      280     256       0      
       flash.obj                    72      0         0      
       cpu.obj                      32      0         0      
       systick.obj                  32      0         0      
       utils.obj                    6       0         0      
    +--+----------------------------+-------+---------+---------+
       Total:                       2492    660       0      
                                                             
    C:/ti/simplelink_cc32xx_sdk_2_40_00_05/source/ti/drivers/lib/drivers_cc32xx.aem4
       PowerCC32XX.oem4             1950    0         664    
       GPIOCC32XX.oem4              1292    103       65     
       PowerCC32XX_asm.oem4         150     0         0      
       List.oem4                    38      0         0      
    +--+----------------------------+-------+---------+---------+
       Total:                       3430    103       729    
                                                             
    F:/Programs/CCS/workspace_v9/freertos_builds_CC3220SF_LAUNCHXL_release_ccs/Debug/freertos_builds_CC3220SF_LAUNCHXL_release_ccs.lib
       heap_4.obj                   888     0         32792  
       tasks.obj                    4488    0         360    
       queue.obj                    3024    0         0      
       HwiPCC32XX_freertos.obj      314     0         2052   
       timers.obj                   1354    0         60     
       startup_cc32xx_ccs.obj       106     64        780    
       pthread.obj                  798     6         20     
       port.obj                     700     8         24     
       PowerCC32XX_freertos.obj     454     0         4      
       list.obj                     298     0         0      
       portasm.obj                  186     0         0      
       SemaphoreP_freertos.obj      142     0         0      
       PTLS.obj                     26      0         0      
       sleep.obj                    24      0         0      
       ClockP_freertos.obj          16      0         0      
    +--+----------------------------+-------+---------+---------+
       Total:                       12818   78        36092  
                                                             
    F:\Programs\CCS\ccs\tools\compiler\ti-cgt-arm_18.12.2.LTS\lib\rtsv7M4_T_le_eabi.lib
       memcpy_t2.asm.obj            156     0         0      
       ull_div_t2.asm.obj           150     0         0      
       memset_t2.asm.obj            122     0         0      
       copy_decompress_lzss.c.obj   104     0         0      
       autoinit.c.obj               68      0         0      
       boot_cortex_m.c.obj          36      0         0      
       ll_mul_t2.asm.obj            24      0         0      
       copy_decompress_none.c.obj   14      0         0      
       copy_zero_init.c.obj         12      0         0      
       exit.c.obj                   4       0         0      
       pre_init.c.obj               4       0         0      
       div0.asm.obj                 2       0         0      
    +--+----------------------------+-------+---------+---------+
       Total:                       696     0         0      
                                                             
       Stack:                       0       0         1024   
       Linker Generated:            0       249       0      
    +--+----------------------------+-------+---------+---------+
       Grand Total:                 19782   1174      38121  


LINKER GENERATED COPY TABLES

__TI_cinit_table @ 010059e8 records: 2, size/record: 8, table size: 16
	.data: load addr=010058f8, load size=000000d5 bytes, run addr=200085dc, run size=00000b10 bytes, compression=lzss
	.bss: load addr=010059e0, load size=00000008 bytes, run addr=2000030c, run size=000082d0 bytes, compression=zero_init


LINKER GENERATED HANDLER TABLE

__TI_handler_table @ 010059d0 records: 3, size/record: 4, table size: 12
	index: 0, handler: __TI_decompress_lzss
	index: 1, handler: __TI_decompress_none
	index: 2, handler: __TI_zero_init


GLOBAL SYMBOLS: SORTED ALPHABETICALLY BY Name 

address   name                               
-------   ----                               
0100558b  C$$EXIT                            
0100551b  CC3220SF_LAUNCHXL_initGeneral      
010053eb  CPUcpsie                           
01005527  CPUwfi                             
010054a1  ClockP_getSystemTickPeriod         
0100478d  FlashDisable                       
01005888  GPIOCC32XX_config                  
01004579  GPIO_enableInt                     
01003c09  GPIO_hwiIntFxn                     
01002771  GPIO_init                          
01004275  GPIO_setCallback                   
01000c6d  GPIO_setConfig                     
01003f19  GPIO_toggle                        
010042cd  GPIO_write                         
0100529d  HwiP_Params_init                   
01004045  HwiP_create                        
01004ed9  HwiP_disable                       
010047d5  HwiP_dispatch                      
200085dc  HwiP_dispatchTable                 
01004fe1  HwiP_inISR                         
0100523d  HwiP_restore                       
010030d1  IntEnable                          
01005565  IntMasterEnable                    
0100442d  IntPrioritySet                     
0100525d  IntRegister                        
01005401  IntVTableBaseSet                   
010050d1  List_put                           
01000841  PRCMCC3200MCUInit                  
010053a9  PRCMHIBRegRead                     
010053bf  PRCMHIBRegWrite                    
0100481d  PRCMLPDSEnter                      
01004c35  PRCMLPDSEnterKeepDebugIf           
01004f05  PRCMLPDSIntervalSet                
010048f5  PRCMLPDSRestoreInfoSet             
01005009  PRCMLPDSWakeupSourceEnable         
01005031  PRCMPeripheralClkDisable           
01004865  PRCMPeripheralClkEnable            
01004325  PRCMPeripheralReset                
01005579  PRCMSleepEnter                     
01004b09  PRCMSlowClkCtrFastGet              
010040a5  PRCMSysResetCauseGet               
0100532d  PTLS_taskDeleteHook                
010036fd  PinConfigSet                       
01004d15  PinModeGet                         
01004a49  PinModeSet                         
010052d9  PinToPadGet                        
0100580c  PowerCC32XX_config                 
01003179  PowerCC32XX_configureWakeup        
2000830c  PowerCC32XX_contextSave            
01004939  PowerCC32XX_enterLPDS              
01001cc3  PowerCC32XX_initPolicy             
20008ddc  PowerCC32XX_module                 
010045c5  PowerCC32XX_parkPin                
01004e19  PowerCC32XX_restoreParkedPin       
010044d5  PowerCC32XX_resumeLPDS             
01003f7d  PowerCC32XX_setParkState           
010011d1  PowerCC32XX_sleepPolicy            
01005535  Power_getConstraintMask            
01005415  Power_getDependencyCount           
010054f1  Power_getTransitionLatency         
01005361  Power_idleFunc                     
0100380d  Power_init                         
01005059  Power_registerNotify               
01003999  Power_setDependency                
01001de1  Power_sleep                        
01004f31  SemaphoreP_createBinary            
01005541  SemaphoreP_delete                  
01004d49  SemaphoreP_pend                    
010051f9  SemaphoreP_post                    
010054b1  SysTickDisable                     
010054c1  SysTickEnable                      
01005581  UtilsDelay                         
20040000  __STACK_END                        
00000400  __STACK_SIZE                       
010059e8  __TI_CINIT_Base                    
010059f8  __TI_CINIT_Limit                   
010059d0  __TI_Handler_Table_Base            
010059dc  __TI_Handler_Table_Limit           
0100497d  __TI_auto_init_nobinit_nopinit     
01003e4b  __TI_decompress_lzss               
010054ff  __TI_decompress_none               
ffffffff  __TI_pprof_out_hndl                
ffffffff  __TI_prof_data_size                
ffffffff  __TI_prof_data_start               
010058f8  __TI_static_base__                 
0100554d  __TI_zero_init                     
01003c07  __aeabi_idiv0                      
01003c07  __aeabi_ldiv0                      
01005379  __aeabi_lmul                       
01003b13  __aeabi_memclr                     
01003b13  __aeabi_memclr4                    
01003b13  __aeabi_memclr8                    
01003371  __aeabi_memcpy                     
01003371  __aeabi_memcpy4                    
01003371  __aeabi_memcpy8                    
01003b15  __aeabi_memset                     
01003b15  __aeabi_memset4                    
01003b15  __aeabi_memset8                    
01003541  __aeabi_uldivmod                   
ffffffff  __binit__                          
ffffffff  __c_args__                         
UNDEFED   __mpu_init                         
2003fc00  __stack                            
01005169  _c_int00_noargs                    
010050f7  _pthread_cleanup_pop               
UNDEFED   _system_post_cinit                 
01005587  _system_pre_init                   
0100558b  abort                              
ffffffff  binit                              
0100437d  eTaskConfirmSleepModeStatus        
0100550d  gpioButtonFxn0                     
200090dc  gpioCallbackFunctions              
200090a0  gpioPinConfigs                     
010058da  inPinTypes                         
01004611  initVectors                        
01004d7d  intTerrput                         
0100511d  maThread                           
01002d65  main                               
01004fb5  mainThread                         
01003371  memcpy                             
01003b1b  memset                             
010058e0  outPinStrengths                    
010058cc  outPinTypes                        
20008f48  parkInfo                           
010052f5  pthread_attr_init                  
0100521b  pthread_attr_setdetachstate        
01005081  pthread_attr_setschedparam         
0100543d  pthread_attr_setstacksize          
01001a61  pthread_create                     
01004161  pthread_exit                       
01005451  pthread_self                       
01004ac9  pthread_setcancelstate             
01001501  pvPortMalloc                       
01004bbd  pvTaskGetThreadLocalStoragePointer 
01005311  pvTaskIncrementMutexHeldCount      
20009040  pxCurrentTCB                       
01004529  pxPortInitialiseStack              
010053d5  resetISR                           
010053e4  resetVectorAddr                    
01000800  resetVectors                       
01005391  sleep                              
010058c4  ulMaxSyscallInterruptPriority      
01002c01  ulPortGetIPSR                      
010048ad  uxListRemove                       
01004527  vApplicationMallocFailedHook       
0100556f  vApplicationStackOverflowHook      
01004e49  vListInitialise                    
010054d1  vListInitialiseItem                
01003eb3  vListInsert                        
01004bf9  vListInsertEnd                     
01004741  vPortEnterCritical                 
01004e79  vPortExitCritical                  
0100340d  vPortFree                          
01002c65  vPortSVCHandler                    
010043d5  vPortSetupTimerInterrupt           
01002c89  vPortStartFirstTask                
01005465  vPortSuppressTicksAndSleep         
01003d6d  vPortValidateInterruptPriority     
010051b1  vQueueDelete                       
010041bd  vQueueWaitForMessageRestricted     
01004219  vTaskDelay                         
0100220d  vTaskDelete                        
010051d5  vTaskInternalSetTimeOutState       
01005559  vTaskMissedYield                   
01004de5  vTaskPlaceOnEventList              
01004a89  vTaskPlaceOnEventListRestricted    
01001ef9  vTaskPriorityDisinheritAfterTimeout
01004f5d  vTaskSetApplicationTaskTag         
010035d9  vTaskStartScheduler                
01004a05  vTaskStepTick                      
01002111  vTaskSuspend                       
010054e1  vTaskSuspendAll                    
010025bd  vTaskSwitchContext                 
01002c19  xPortPendSVHandler                 
010028f9  xPortStartScheduler                
01004f89  xPortSysTickHandler                
01003de1  xQueueGenericCreate                
01002cad  xQueueGenericReset                 
01001019  xQueueGenericSend                  
0100200d  xQueueGenericSendFromISR           
01002305  xQueueGiveFromISR                  
01001381  xQueueReceive                      
01002699  xQueueReceiveFromISR               
01000e45  xQueueSemaphoreTake                
01002ec5  xTaskCheckForTimeOut               
01003b8d  xTaskCreate                        
010050a9  xTaskGetApplicationTaskTag         
01005479  xTaskGetCurrentTaskHandle          
01004ea9  xTaskGetSchedulerState             
0100548d  xTaskGetTickCount                  
01001925  xTaskIncrementTick                 
010024dd  xTaskPriorityDisinherit            
010023f5  xTaskPriorityInherit               
010032c9  xTaskRemoveFromEventList           
01001cc5  xTaskResumeAll                     
01004481  xTimerCreateTimerTask              
01003915  xTimerGenericCommand               


GLOBAL SYMBOLS: SORTED BY Symbol Address 

address   name                               
-------   ----                               
00000400  __STACK_SIZE                       
01000800  resetVectors                       
01000841  PRCMCC3200MCUInit                  
01000c6d  GPIO_setConfig                     
01000e45  xQueueSemaphoreTake                
01001019  xQueueGenericSend                  
010011d1  PowerCC32XX_sleepPolicy            
01001381  xQueueReceive                      
01001501  pvPortMalloc                       
01001925  xTaskIncrementTick                 
01001a61  pthread_create                     
01001cc3  PowerCC32XX_initPolicy             
01001cc5  xTaskResumeAll                     
01001de1  Power_sleep                        
01001ef9  vTaskPriorityDisinheritAfterTimeout
0100200d  xQueueGenericSendFromISR           
01002111  vTaskSuspend                       
0100220d  vTaskDelete                        
01002305  xQueueGiveFromISR                  
010023f5  xTaskPriorityInherit               
010024dd  xTaskPriorityDisinherit            
010025bd  vTaskSwitchContext                 
01002699  xQueueReceiveFromISR               
01002771  GPIO_init                          
010028f9  xPortStartScheduler                
01002c01  ulPortGetIPSR                      
01002c19  xPortPendSVHandler                 
01002c65  vPortSVCHandler                    
01002c89  vPortStartFirstTask                
01002cad  xQueueGenericReset                 
01002d65  main                               
01002ec5  xTaskCheckForTimeOut               
010030d1  IntEnable                          
01003179  PowerCC32XX_configureWakeup        
010032c9  xTaskRemoveFromEventList           
01003371  __aeabi_memcpy                     
01003371  __aeabi_memcpy4                    
01003371  __aeabi_memcpy8                    
01003371  memcpy                             
0100340d  vPortFree                          
01003541  __aeabi_uldivmod                   
010035d9  vTaskStartScheduler                
010036fd  PinConfigSet                       
0100380d  Power_init                         
01003915  xTimerGenericCommand               
01003999  Power_setDependency                
01003b13  __aeabi_memclr                     
01003b13  __aeabi_memclr4                    
01003b13  __aeabi_memclr8                    
01003b15  __aeabi_memset                     
01003b15  __aeabi_memset4                    
01003b15  __aeabi_memset8                    
01003b1b  memset                             
01003b8d  xTaskCreate                        
01003c07  __aeabi_idiv0                      
01003c07  __aeabi_ldiv0                      
01003c09  GPIO_hwiIntFxn                     
01003d6d  vPortValidateInterruptPriority     
01003de1  xQueueGenericCreate                
01003e4b  __TI_decompress_lzss               
01003eb3  vListInsert                        
01003f19  GPIO_toggle                        
01003f7d  PowerCC32XX_setParkState           
01004045  HwiP_create                        
010040a5  PRCMSysResetCauseGet               
01004161  pthread_exit                       
010041bd  vQueueWaitForMessageRestricted     
01004219  vTaskDelay                         
01004275  GPIO_setCallback                   
010042cd  GPIO_write                         
01004325  PRCMPeripheralReset                
0100437d  eTaskConfirmSleepModeStatus        
010043d5  vPortSetupTimerInterrupt           
0100442d  IntPrioritySet                     
01004481  xTimerCreateTimerTask              
010044d5  PowerCC32XX_resumeLPDS             
01004527  vApplicationMallocFailedHook       
01004529  pxPortInitialiseStack              
01004579  GPIO_enableInt                     
010045c5  PowerCC32XX_parkPin                
01004611  initVectors                        
01004741  vPortEnterCritical                 
0100478d  FlashDisable                       
010047d5  HwiP_dispatch                      
0100481d  PRCMLPDSEnter                      
01004865  PRCMPeripheralClkEnable            
010048ad  uxListRemove                       
010048f5  PRCMLPDSRestoreInfoSet             
01004939  PowerCC32XX_enterLPDS              
0100497d  __TI_auto_init_nobinit_nopinit     
01004a05  vTaskStepTick                      
01004a49  PinModeSet                         
01004a89  vTaskPlaceOnEventListRestricted    
01004ac9  pthread_setcancelstate             
01004b09  PRCMSlowClkCtrFastGet              
01004bbd  pvTaskGetThreadLocalStoragePointer 
01004bf9  vListInsertEnd                     
01004c35  PRCMLPDSEnterKeepDebugIf           
01004d15  PinModeGet                         
01004d49  SemaphoreP_pend                    
01004d7d  intTerrput                         
01004de5  vTaskPlaceOnEventList              
01004e19  PowerCC32XX_restoreParkedPin       
01004e49  vListInitialise                    
01004e79  vPortExitCritical                  
01004ea9  xTaskGetSchedulerState             
01004ed9  HwiP_disable                       
01004f05  PRCMLPDSIntervalSet                
01004f31  SemaphoreP_createBinary            
01004f5d  vTaskSetApplicationTaskTag         
01004f89  xPortSysTickHandler                
01004fb5  mainThread                         
01004fe1  HwiP_inISR                         
01005009  PRCMLPDSWakeupSourceEnable         
01005031  PRCMPeripheralClkDisable           
01005059  Power_registerNotify               
01005081  pthread_attr_setschedparam         
010050a9  xTaskGetApplicationTaskTag         
010050d1  List_put                           
010050f7  _pthread_cleanup_pop               
0100511d  maThread                           
01005169  _c_int00_noargs                    
010051b1  vQueueDelete                       
010051d5  vTaskInternalSetTimeOutState       
010051f9  SemaphoreP_post                    
0100521b  pthread_attr_setdetachstate        
0100523d  HwiP_restore                       
0100525d  IntRegister                        
0100529d  HwiP_Params_init                   
010052d9  PinToPadGet                        
010052f5  pthread_attr_init                  
01005311  pvTaskIncrementMutexHeldCount      
0100532d  PTLS_taskDeleteHook                
01005361  Power_idleFunc                     
01005379  __aeabi_lmul                       
01005391  sleep                              
010053a9  PRCMHIBRegRead                     
010053bf  PRCMHIBRegWrite                    
010053d5  resetISR                           
010053e4  resetVectorAddr                    
010053eb  CPUcpsie                           
01005401  IntVTableBaseSet                   
01005415  Power_getDependencyCount           
0100543d  pthread_attr_setstacksize          
01005451  pthread_self                       
01005465  vPortSuppressTicksAndSleep         
01005479  xTaskGetCurrentTaskHandle          
0100548d  xTaskGetTickCount                  
010054a1  ClockP_getSystemTickPeriod         
010054b1  SysTickDisable                     
010054c1  SysTickEnable                      
010054d1  vListInitialiseItem                
010054e1  vTaskSuspendAll                    
010054f1  Power_getTransitionLatency         
010054ff  __TI_decompress_none               
0100550d  gpioButtonFxn0                     
0100551b  CC3220SF_LAUNCHXL_initGeneral      
01005527  CPUwfi                             
01005535  Power_getConstraintMask            
01005541  SemaphoreP_delete                  
0100554d  __TI_zero_init                     
01005559  vTaskMissedYield                   
01005565  IntMasterEnable                    
0100556f  vApplicationStackOverflowHook      
01005579  PRCMSleepEnter                     
01005581  UtilsDelay                         
01005587  _system_pre_init                   
0100558b  C$$EXIT                            
0100558b  abort                              
0100580c  PowerCC32XX_config                 
01005888  GPIOCC32XX_config                  
010058c4  ulMaxSyscallInterruptPriority      
010058cc  outPinTypes                        
010058da  inPinTypes                         
010058e0  outPinStrengths                    
010058f8  __TI_static_base__                 
010059d0  __TI_Handler_Table_Base            
010059dc  __TI_Handler_Table_Limit           
010059e8  __TI_CINIT_Base                    
010059f8  __TI_CINIT_Limit                   
2000830c  PowerCC32XX_contextSave            
200085dc  HwiP_dispatchTable                 
20008ddc  PowerCC32XX_module                 
20008f48  parkInfo                           
20009040  pxCurrentTCB                       
200090a0  gpioPinConfigs                     
200090dc  gpioCallbackFunctions              
2003fc00  __stack                            
20040000  __STACK_END                        
ffffffff  __TI_pprof_out_hndl                
ffffffff  __TI_prof_data_size                
ffffffff  __TI_prof_data_start               
ffffffff  __binit__                          
ffffffff  __c_args__                         
ffffffff  binit                              
UNDEFED   __mpu_init                         
UNDEFED   _system_post_cinit                 

[197 symbols]
